[truenorth.co.uk/index.html]
[backblue.gif]
[fade.gif]
[index.html]
[truenorth.co.uk/wp-json/oembed/1.0/embedf1f6.json]
[truenorth.co.uk/feed/index.html]
[truenorth.co.uk/comments/feed/index.html]
[truenorth.co.uk/wp-json/oembed/1.0/embedbe8c]
[truenorth.co.uk/wp-content/uploads/blocksy/css/global873d.css]
[truenorth.co.uk/wp-content/themes/blocksy/static/bundle/main.min8904.css]
[truenorth.co.uk/wp-content/themes/blocksy/static/bundle/elementor-frontend.min8904.css]
[truenorth.co.uk/wp-content/themes/blocksy/static/bundle/wpforms.min8904.css]
[truenorth.co.uk/wp-content/plugins/elementor/assets/css/frontend.min05da.css]
[truenorth.co.uk/wp-content/uploads/2026/04/mental-health-3.jpg]
[truenorth.co.uk/wp-content/uploads/2026/04/photo_2026-04-15_07-17-27.jpg]
[truenorth.co.uk/wp-content/uploads/2026/04/WhatsApp-Image-2026-04-05-at-03.20.57-1.jpg]
[truenorth.co.uk/wp-content/plugins/elementor/assets/css/widget-image.min05da.css]
[truenorth.co.uk/wp-content/plugins/elementor/assets/css/widget-text-editor.min05da.css]
[truenorth.co.uk/wp-content/plugins/elementor/assets/css/widget-heading.min05da.css]
[truenorth.co.uk/wp-content/plugins/elementor/assets/css/widget-spacer.min05da.css]
[truenorth.co.uk/wp-content/plugins/elementor/assets/css/widget-icon-list.min05da.css]
[truenorth.co.uk/wp-content/uploads/elementor/css/base-desktopa794.css]
[truenorth.co.uk/wp-includes/js/jquery/jquery.minf43b.js]
[truenorth.co.uk/wp-includes/js/jquery/jquery-migrate.min5589.js]
[truenorth.co.uk/wp-json/wp/v2/pages/9.json]
[truenorth.co.uk/wp-content/themes/blocksy/static/bundle/no-scripts.min.css]
[truenorth.co.uk/wp-content/uploads/2026/04/logo1.png]
[truenorth.co.uk/wp-json/index.html]
[truenorth.co.uk/wp-content/themes/blocksy/static/bundle/main8904.js]
[truenorth.co.uk/wp-content/plugins/elementor/assets/js/webpack.runtime.min05da.js]
[truenorth.co.uk/wp-content/plugins/elementor/assets/js/frontend-modules.min05da.js]
[truenorth.co.uk/wp-includes/js/jquery/ui/core.minb37e.js]
[truenorth.co.uk/wp-content/plugins/elementor/assets/js/frontend.min05da.js]
[truenorth.co.uk/wp-content/plugins/elementor/assets/js/packages/frontend-handlers/frontend-handlers.min05da.js]
[truenorth.co.uk/wp-content/plugins/elementor/assets/js/packages/alpinejs/alpinejs.min05da.js]
[truenorth.co.uk/index.html]
[truenorth.co.uk/wp-content/uploads/blocksy/css/global873d.css]
[truenorth.co.uk/wp-content/plugins/elementor/assets/js/atomic-widgets-frontend-handler.min05da.js]
[truenorth.co.uk/wp-content/themes/blocksy/static/fonts/stars.woff2]
[truenorth.co.uk/wp-content/themes/blocksy/static/bundle/main.min8904.css]
[truenorth.co.uk/wp-content/themes/blocksy/static/bundle/elementor-frontend.min8904.css]
[truenorth.co.uk/wp-content/themes/blocksy/static/bundle/wpforms.min8904.css]
[truenorth.co.uk/wp-content/plugins/elementor/assets/css/frontend.min05da.css]
[truenorth.co.uk/wp-content/plugins/elementor/assets/css/widget-image.min05da.css]
[truenorth.co.uk/wp-content/plugins/elementor/assets/css/widget-text-editor.min05da.css]
[truenorth.co.uk/wp-content/plugins/elementor/assets/css/widget-heading.min05da.css]
[truenorth.co.uk/wp-content/plugins/elementor/assets/css/widget-spacer.min05da.css]
[truenorth.co.uk/wp-content/plugins/elementor/assets/css/widget-icon-list.min05da.css]
[truenorth.co.uk/wp-content/uploads/elementor/css/base-desktopa794.css]
[truenorth.co.uk/wp-includes/js/jquery/jquery.minf43b.js]
[truenorth.co.uk/wp-includes/js/jquery/jquery-migrate.min5589.js]
[truenorth.co.uk/wp-content/themes/blocksy/static/bundle/no-scripts.min.css]
[truenorth.co.uk/about/index.html]
[truenorth.co.uk/contact/index.html]
[truenorth.co.uk/xmlrpc0db0.php]
[truenorth.co.uk/wp-json/oembed/1.0/embed1358.json]
[truenorth.co.uk/wp-json/oembed/1.0/embed7172]
[truenorth.co.uk/wp-content/uploads/2026/04/WhatsApp-Image-2026-04-05-at-03.20.57-2.jpg]
[truenorth.co.uk/wp-content/uploads/2026/04/training.jpg]
[truenorth.co.uk/wp-content/plugins/elementor/assets/css/widget-divider.min05da.css]
[truenorth.co.uk/wp-json/wp/v2/pages/215.json]
[truenorth.co.uk/wp-content/uploads/2026/04/autistic-picture-1.jpg]
[truenorth.co.uk/about/index.html]
[truenorth.co.uk/wp-json/oembed/1.0/embed5c69.json]
[truenorth.co.uk/wp-json/oembed/1.0/embedab73]
[truenorth.co.uk/wp-content/uploads/2026/04/Carer-supporting-patient-with-mental-health.jpg]
[truenorth.co.uk/wp-content/uploads/2026/04/photo_2026-04-15_08-12-15.jpg]
[truenorth.co.uk/wp-content/uploads/2026/04/photo_2026-04-15_08-12-08.jpg]
[truenorth.co.uk/wp-content/plugins/elementor/assets/css/widget-icon-box.min05da.css]
[truenorth.co.uk/wp-content/plugins/elementor/assets/css/widget-google_maps.min05da.css]
[truenorth.co.uk/wp-json/wp/v2/pages/285.json]
[truenorth.co.uk/wp-includes/js/underscore.min3ab8.js]
[truenorth.co.uk/wp-content/plugins/wpforms-lite/assets/js/frontend/wpforms.mined82.js]
[truenorth.co.uk/wp-content/plugins/wpforms-lite/assets/js/integrations/elementor/frontend.mined82.js]
[truenorth.co.uk/wp-content/plugins/wpforms-lite/assets/lib/jquery.validate.min3c17.js]
[truenorth.co.uk/wp-content/plugins/wpforms-lite/assets/lib/mailcheck.mincfa9.js]
[truenorth.co.uk/wp-content/plugins/wpforms-lite/assets/lib/punycode.min8a54.js]
[truenorth.co.uk/wp-content/plugins/wpforms-lite/assets/js/share/utils.mined82.js]
[truenorth.co.uk/wp-content/plugins/wpforms-lite/assets/js/frontend/wpforms-modern.mined82.js]
[truenorth.co.uk/contact/index.html]
[truenorth.co.uk/wp-content/themes/blocksy/static/bundle/main8904.js]
[truenorth.co.uk/wp-content/plugins/elementor/assets/js/webpack.runtime.min05da.js]
[truenorth.co.uk/wp-content/plugins/elementor/assets/js/frontend-modules.min05da.js]
[truenorth.co.uk/wp-includes/js/jquery/ui/core.minb37e.js]
[truenorth.co.uk/wp-content/plugins/elementor/assets/js/frontend.min05da.js]
[truenorth.co.uk/wp-content/plugins/elementor/assets/js/packages/frontend-handlers/frontend-handlers.min05da.js]
[truenorth.co.uk/wp-content/plugins/elementor/assets/js/packages/alpinejs/alpinejs.min05da.js]
[truenorth.co.uk/wp-content/plugins/elementor/assets/js/atomic-widgets-frontend-handler.min05da.js]
[truenorth.co.uk/wp-content/plugins/elementor/assets/css/widget-divider.min05da.css]
[truenorth.co.uk/indexd7c9.html]
[truenorth.co.uk/wp-content/plugins/elementor/assets/css/widget-icon-box.min05da.css]
[truenorth.co.uk/wp-content/plugins/elementor/assets/css/widget-google_maps.min05da.css]
[truenorth.co.uk/indexd0b8.html]
[truenorth.co.uk/wp-includes/js/underscore.min3ab8.js]
[truenorth.co.uk/wp-content/plugins/wpforms-lite/assets/js/frontend/fields/address.mined82.js]
[truenorth.co.uk/wp-content/plugins/wpforms-lite/assets/js/frontend/wpforms.mined82.js]
[truenorth.co.uk/wp-content/plugins/wpforms-lite/assets/js/integrations/elementor/frontend.mined82.js]
[truenorth.co.uk/wp-content/plugins/wpforms-lite/assets/lib/jquery.validate.min3c17.js]
[truenorth.co.uk/wp-content/plugins/wpforms-lite/assets/css/frontend/modern/wpforms-base.mined82.css]
[truenorth.co.uk/wp-includes/js/wp-util.minb34e.js]
[truenorth.co.uk/OPR/index.html]
[truenorth.co.uk/contact/optusnet.com.au]
[truenorth.co.uk/wp-content/plugins/wpforms-lite/assets/lib/mailcheck.mincfa9.js]
[truenorth.co.uk/wp-content/plugins/wpforms-lite/assets/lib/punycode.min8a54.js]
[truenorth.co.uk/wp-content/plugins/wpforms-lite/assets/js/share/utils.mined82.js]
[truenorth.co.uk/wp-content/plugins/wpforms-lite/assets/js/frontend/wpforms-modern.mined82.js]
[truenorth.co.uk/wp-content/plugins/wpforms-lite/assets/js/frontend/fields/address.mined82.js]
[truenorth.co.uk/OPR/index.html]
[truenorth.co.uk/wp-content/plugins/wpforms-lite/assets/css/frontend/modern/wpforms-base.mined82.css]
[truenorth.co.uk/wp-includes/js/wp-util.minb34e.js]
[truenorth.co.uk/contact/optusnet.com.html]
[truenorth.co.uk/contact/com.au]
[truenorth.co.uk/contact/com.au]
[truenorth.co.uk/contact/net.au]
[truenorth.co.uk/contact/net.au]
